Archive member included because of file (symbol)

c:/program files (x86)/emblocks/1.45/share/em_armgcc/bin/../lib/gcc/arm-none-eabi/4.7.3/../../../../arm-none-eabi/lib/armv7e-m/fpu\librdimon.a(rdimon-syscalls.o)
                              c:/program files (x86)/emblocks/1.45/share/em_armgcc/bin/../lib/gcc/arm-none-eabi/4.7.3/../../../../arm-none-eabi/lib/armv7e-m/fpu/rdimon-crt0.o (initialise_monitor_handles)
c:/program files (x86)/emblocks/1.45/share/em_armgcc/bin/../lib/gcc/arm-none-eabi/4.7.3/../../../../arm-none-eabi/lib/armv7e-m/fpu\libc_n.a(lib_a-__atexit2.o)
                              c:/program files (x86)/emblocks/1.45/share/em_armgcc/bin/../lib/gcc/arm-none-eabi/4.7.3/../../../../arm-none-eabi/lib/armv7e-m/fpu/rdimon-crt0.o (__register_exitproc)
c:/program files (x86)/emblocks/1.45/share/em_armgcc/bin/../lib/gcc/arm-none-eabi/4.7.3/../../../../arm-none-eabi/lib/armv7e-m/fpu\libc_n.a(lib_a-errno.o)
                              c:/program files (x86)/emblocks/1.45/share/em_armgcc/bin/../lib/gcc/arm-none-eabi/4.7.3/../../../../arm-none-eabi/lib/armv7e-m/fpu\librdimon.a(rdimon-syscalls.o) (__errno)
c:/program files (x86)/emblocks/1.45/share/em_armgcc/bin/../lib/gcc/arm-none-eabi/4.7.3/../../../../arm-none-eabi/lib/armv7e-m/fpu\libc_n.a(lib_a-exit.o)
                              c:/program files (x86)/emblocks/1.45/share/em_armgcc/bin/../lib/gcc/arm-none-eabi/4.7.3/../../../../arm-none-eabi/lib/armv7e-m/fpu/rdimon-crt0.o (exit)
c:/program files (x86)/emblocks/1.45/share/em_armgcc/bin/../lib/gcc/arm-none-eabi/4.7.3/../../../../arm-none-eabi/lib/armv7e-m/fpu\libc_n.a(lib_a-findfp.o)
                              c:/program files (x86)/emblocks/1.45/share/em_armgcc/bin/../lib/gcc/arm-none-eabi/4.7.3/../../../../arm-none-eabi/lib/armv7e-m/fpu\librdimon.a(rdimon-syscalls.o) (__sinit)
c:/program files (x86)/emblocks/1.45/share/em_armgcc/bin/../lib/gcc/arm-none-eabi/4.7.3/../../../../arm-none-eabi/lib/armv7e-m/fpu\libc_n.a(lib_a-fini.o)
                              c:/program files (x86)/emblocks/1.45/share/em_armgcc/bin/../lib/gcc/arm-none-eabi/4.7.3/../../../../arm-none-eabi/lib/armv7e-m/fpu/rdimon-crt0.o (__libc_fini_array)
c:/program files (x86)/emblocks/1.45/share/em_armgcc/bin/../lib/gcc/arm-none-eabi/4.7.3/../../../../arm-none-eabi/lib/armv7e-m/fpu\libc_n.a(lib_a-fwalk.o)
                              c:/program files (x86)/emblocks/1.45/share/em_armgcc/bin/../lib/gcc/arm-none-eabi/4.7.3/../../../../arm-none-eabi/lib/armv7e-m/fpu\libc_n.a(lib_a-findfp.o) (_fwalk)
c:/program files (x86)/emblocks/1.45/share/em_armgcc/bin/../lib/gcc/arm-none-eabi/4.7.3/../../../../arm-none-eabi/lib/armv7e-m/fpu\libc_n.a(lib_a-impure.o)
                              c:/program files (x86)/emblocks/1.45/share/em_armgcc/bin/../lib/gcc/arm-none-eabi/4.7.3/../../../../arm-none-eabi/lib/armv7e-m/fpu\libc_n.a(lib_a-exit.o) (_global_impure_ptr)
c:/program files (x86)/emblocks/1.45/share/em_armgcc/bin/../lib/gcc/arm-none-eabi/4.7.3/../../../../arm-none-eabi/lib/armv7e-m/fpu\libc_n.a(lib_a-init.o)
                              c:/program files (x86)/emblocks/1.45/share/em_armgcc/bin/../lib/gcc/arm-none-eabi/4.7.3/../../../../arm-none-eabi/lib/armv7e-m/fpu/rdimon-crt0.o (__libc_init_array)
c:/program files (x86)/emblocks/1.45/share/em_armgcc/bin/../lib/gcc/arm-none-eabi/4.7.3/../../../../arm-none-eabi/lib/armv7e-m/fpu\libc_n.a(lib_a-mallocr.o)
                              c:/program files (x86)/emblocks/1.45/share/em_armgcc/bin/../lib/gcc/arm-none-eabi/4.7.3/../../../../arm-none-eabi/lib/armv7e-m/fpu\libc_n.a(lib_a-findfp.o) (_malloc_r)
c:/program files (x86)/emblocks/1.45/share/em_armgcc/bin/../lib/gcc/arm-none-eabi/4.7.3/../../../../arm-none-eabi/lib/armv7e-m/fpu\libc_n.a(lib_a-memset.o)
                              c:/program files (x86)/emblocks/1.45/share/em_armgcc/bin/../lib/gcc/arm-none-eabi/4.7.3/../../../../arm-none-eabi/lib/armv7e-m/fpu/rdimon-crt0.o (memset)
c:/program files (x86)/emblocks/1.45/share/em_armgcc/bin/../lib/gcc/arm-none-eabi/4.7.3/../../../../arm-none-eabi/lib/armv7e-m/fpu\libc_n.a(lib_a-sbrkr.o)
                              c:/program files (x86)/emblocks/1.45/share/em_armgcc/bin/../lib/gcc/arm-none-eabi/4.7.3/../../../../arm-none-eabi/lib/armv7e-m/fpu\libc_n.a(lib_a-mallocr.o) (_sbrk_r)
c:/program files (x86)/emblocks/1.45/share/em_armgcc/bin/../lib/gcc/arm-none-eabi/4.7.3/../../../../arm-none-eabi/lib/armv7e-m/fpu\libc_n.a(lib_a-stdio.o)
                              c:/program files (x86)/emblocks/1.45/share/em_armgcc/bin/../lib/gcc/arm-none-eabi/4.7.3/../../../../arm-none-eabi/lib/armv7e-m/fpu\libc_n.a(lib_a-findfp.o) (__sread)
c:/program files (x86)/emblocks/1.45/share/em_armgcc/bin/../lib/gcc/arm-none-eabi/4.7.3/../../../../arm-none-eabi/lib/armv7e-m/fpu\libc_n.a(lib_a-strlen.o)
                              c:/program files (x86)/emblocks/1.45/share/em_armgcc/bin/../lib/gcc/arm-none-eabi/4.7.3/../../../../arm-none-eabi/lib/armv7e-m/fpu\librdimon.a(rdimon-syscalls.o) (strlen)
[...]
Memory Configuration

Name             Origin             Length             Attributes
ROM              0x08000000         0x00020000         xr
RAM              0x20000000         0x00010000         xrw
*default*        0x00000000         0xffffffff

Linker script and memory map

LOAD c:/program files (x86)/emblocks/1.45/share/em_armgcc/bin/../lib/gcc/arm-none-eabi/4.7.3/../../../../arm-none-eabi/lib/armv7e-m/fpu\librdimon.a
LOAD c:/program files (x86)/emblocks/1.45/share/em_armgcc/bin/../lib/gcc/arm-none-eabi/4.7.3/armv7e-m/fpu/crti.o
LOAD c:/program files (x86)/emblocks/1.45/share/em_armgcc/bin/../lib/gcc/arm-none-eabi/4.7.3/armv7e-m/fpu/crtbegin.o
LOAD c:/program files (x86)/emblocks/1.45/share/em_armgcc/bin/../lib/gcc/arm-none-eabi/4.7.3/../../../../arm-none-eabi/lib/armv7e-m/fpu/rdimon-crt0.o
                0x00000000                __HEAP_SIZE = 0x0
                0x00000100                __STACK_SIZE = 0x100

.text           0x08000000      0x7d0
 *(.isr_vector)
 .isr_vector    0x08000000      0x188 obj\debug\startup_stm32f4xx.o
                0x08000000                __isr_vector
 *(.text*)
 .text          0x08000188       0x54 c:/program files (x86)/emblocks/1.45/share/em_armgcc/bin/../lib/gcc/arm-none-eabi/4.7.3/armv7e-m/fpu/crtbegin.o
 .text          0x080001dc       0xcc c:/program files (x86)/emblocks/1.45/share/em_armgcc/bin/../lib/gcc/arm-none-eabi/4.7.3/../../../../arm-none-eabi/lib/armv7e-m/fpu/rdimon-crt0.o
                0x080001dc                _start
                0x080001dc                start
                0x080001dc                _mainCRTStartup
 .text.main     0x080002a8        0x8 obj\debug\main.o
                0x080002a8                main
 .text          0x080002b0       0xec obj\debug\startup_stm32f4xx.o
                0x080002b0                Reset_Handler
                0x080002e4                NMI_Handler
                0x080002e6                HardFault_Handler
                0x080002e8                MemManage_Handler
                0x080002ea                BusFault_Handler
                0x080002ec                UsageFault_Handler
                0x080002ee                SVC_Handler
                0x080002f0                DebugMon_Handler
                0x080002f2                PendSV_Handler
                0x080002f4                SysTick_Handler
                0x080002f6                Default_Handler
                0x080002f8                WWDG_IRQHandler
                0x080002fa                PVD_IRQHandler
                0x080002fc                TAMP_STAMP_IRQHandler
                0x080002fe                RTC_WKUP_IRQHandler
                0x08000300                FLASH_IRQHandler
                0x08000302                RCC_IRQHandler
                0x08000304                EXTI0_IRQHandler
                0x08000306                EXTI1_IRQHandler
                0x08000308                EXTI2_IRQHandler
                0x0800030a                EXTI3_IRQHandler
                0x0800030c                EXTI4_IRQHandler
                0x0800030e                DMA1_Stream0_IRQHandler
                0x08000310                DMA1_Stream1_IRQHandler
                0x08000312                DMA1_Stream2_IRQHandler
                0x08000314                DMA1_Stream3_IRQHandler
                0x08000316                DMA1_Stream4_IRQHandler
                0x08000318                DMA1_Stream5_IRQHandler
                0x0800031a                DMA1_Stream6_IRQHandler
                0x0800031c                ADC_IRQHandler
                0x0800031e                CAN1_TX_IRQHandler
                0x08000320                CAN1_RX0_IRQHandler
                0x08000322                CAN1_RX1_IRQHandler
                0x08000324                CAN1_SCE_IRQHandler
                0x08000326                EXTI9_5_IRQHandler
                0x08000328                TIM1_BRK_TIM9_IRQHandler
                0x0800032a                TIM1_UP_TIM10_IRQHandler
                0x0800032c                TIM1_TRG_COM_TIM11_IRQHandler
                0x0800032e                TIM1_CC_IRQHandler
                0x08000330                TIM2_IRQHandler
                0x08000332                TIM3_IRQHandler
                0x08000334                TIM4_IRQHandler
                0x08000336                I2C1_EV_IRQHandler
                0x08000338                I2C1_ER_IRQHandler
                0x0800033a                I2C2_EV_IRQHandler
                0x0800033c                I2C2_ER_IRQHandler
                0x0800033e                SPI1_IRQHandler
                0x08000340                SPI2_IRQHandler
                0x08000342                USART1_IRQHandler
                0x08000344                USART2_IRQHandler
                0x08000346                USART3_IRQHandler
                0x08000348                EXTI15_10_IRQHandler
                0x0800034a                RTC_Alarm_IRQHandler
                0x0800034c                OTG_FS_WKUP_IRQHandler
                0x0800034e                TIM8_BRK_TIM12_IRQHandler
                0x08000350                TIM8_UP_TIM13_IRQHandler
                0x08000352                TIM8_TRG_COM_TIM14_IRQHandler
                0x08000354                TIM8_CC_IRQHandler
                0x08000356                DMA1_Stream7_IRQHandler
                0x08000358                FSMC_IRQHandler
                0x0800035a                SDIO_IRQHandler
                0x0800035c                TIM5_IRQHandler
                0x0800035e                SPI3_IRQHandler
                0x08000360                UART4_IRQHandler
                0x08000362                UART5_IRQHandler
                0x08000364                TIM6_DAC_IRQHandler
                0x08000366                TIM7_IRQHandler
                0x08000368                DMA2_Stream0_IRQHandler
                0x0800036a                DMA2_Stream1_IRQHandler
                0x0800036c                DMA2_Stream2_IRQHandler
                0x0800036e                DMA2_Stream3_IRQHandler
                0x08000370                DMA2_Stream4_IRQHandler
                0x08000372                ETH_IRQHandler
                0x08000374                ETH_WKUP_IRQHandler
                0x08000376                CAN2_TX_IRQHandler
                0x08000378                CAN2_RX0_IRQHandler
                0x0800037a                CAN2_RX1_IRQHandler
                0x0800037c                CAN2_SCE_IRQHandler
                0x0800037e                OTG_FS_IRQHandler
                0x08000380                DMA2_Stream5_IRQHandler
                0x08000382                DMA2_Stream6_IRQHandler
                0x08000384                DMA2_Stream7_IRQHandler
                0x08000386                USART6_IRQHandler
                0x08000388                I2C3_EV_IRQHandler
                0x0800038a                I2C3_ER_IRQHandler
                0x0800038c                OTG_HS_EP1_OUT_IRQHandler
                0x0800038e                OTG_HS_EP1_IN_IRQHandler
                0x08000390                OTG_HS_WKUP_IRQHandler
                0x08000392                OTG_HS_IRQHandler
                0x08000394                DCMI_IRQHandler
                0x08000396                CRYP_IRQHandler
                0x08000398                HASH_RNG_IRQHandler
                0x0800039a                FPU_IRQHandler
 .text.SystemInit
                0x0800039c       0xb0 obj\debug\system_stm32f4xx.o
                0x0800039c                SystemInit
 .text.SetSysClock
                0x0800044c      0x188 obj\debug\system_stm32f4xx.o
 .text.initialise_monitor_handles
                0x080005d4       0xa4 c:/program files (x86)/emblocks/1.45/share/em_armgcc/bin/../lib/gcc/arm-none-eabi/4.7.3/../../../../arm-none-eabi/lib/armv7e-m/fpu\librdimon.a(rdimon-syscalls.o)
                0x080005d4                initialise_monitor_handles
 .text.__register_exitproc
                0x08000678       0x14 c:/program files (x86)/emblocks/1.45/share/em_armgcc/bin/../lib/gcc/arm-none-eabi/4.7.3/../../../../arm-none-eabi/lib/armv7e-m/fpu\libc_n.a(lib_a-__atexit2.o)
                0x08000678                __register_exitproc
 .text.exit     0x0800068c       0x2c c:/program files (x86)/emblocks/1.45/share/em_armgcc/bin/../lib/gcc/arm-none-eabi/4.7.3/../../../../arm-none-eabi/lib/armv7e-m/fpu\libc_n.a(lib_a-exit.o)
                0x0800068c                exit
 .text.__libc_fini_array
                0x080006b8       0x30 c:/program files (x86)/emblocks/1.45/share/em_armgcc/bin/../lib/gcc/arm-none-eabi/4.7.3/../../../../arm-none-eabi/lib/armv7e-m/fpu\libc_n.a(lib_a-fini.o)
                0x080006b8                __libc_fini_array
 .text.__libc_init_array
                0x080006e8       0x4c c:/program files (x86)/emblocks/1.45/share/em_armgcc/bin/../lib/gcc/arm-none-eabi/4.7.3/../../../../arm-none-eabi/lib/armv7e-m/fpu\libc_n.a(lib_a-init.o)
                0x080006e8                __libc_init_array
 .text.memset   0x08000734       0x10 c:/program files (x86)/emblocks/1.45/share/em_armgcc/bin/../lib/gcc/arm-none-eabi/4.7.3/../../../../arm-none-eabi/lib/armv7e-m/fpu\libc_n.a(lib_a-memset.o)
                0x08000734                memset
 .text._exit    0x08000744        0x4 c:/program files (x86)/emblocks/1.45/share/em_armgcc/bin/../lib/gcc/arm-none-eabi/4.7.3/../../../../arm-none-eabi/lib/armv7e-m/fpu\libnosys.a(_exit.o)
                0x08000744                _exit
 *(.init)
 .init          0x08000748        0x4 c:/program files (x86)/emblocks/1.45/share/em_armgcc/bin/../lib/gcc/arm-none-eabi/4.7.3/armv7e-m/fpu/crti.o
                0x08000748                _init
 .init          0x0800074c        0x8 c:/program files (x86)/emblocks/1.45/share/em_armgcc/bin/../lib/gcc/arm-none-eabi/4.7.3/armv7e-m/fpu/crtn.o
 *(.fini)
 .fini          0x08000754        0x4 c:/program files (x86)/emblocks/1.45/share/em_armgcc/bin/../lib/gcc/arm-none-eabi/4.7.3/armv7e-m/fpu/crti.o
                0x08000754                _fini
 .fini          0x08000758        0x8 c:/program files (x86)/emblocks/1.45/share/em_armgcc/bin/../lib/gcc/arm-none-eabi/4.7.3/armv7e-m/fpu/crtn.o
 *crtbegin.o(.ctors)
 *crtbegin?.o(.ctors)
 *(EXCLUDE_FILE(*crtend.o *crtend?.o) .ctors)
 *(SORT(.ctors.*))
 *(.ctors)
 *crtbegin.o(.dtors)
 *crtbegin?.o(.dtors)
 *(EXCLUDE_FILE(*crtend.o *crtend?.o) .dtors)
 *(SORT(.dtors.*))
 *(.dtors)
 *(.rodata*)
 .rodata.str1.1
                0x08000760        0x4 c:/program files (x86)/emblocks/1.45/share/em_armgcc/bin/../lib/gcc/arm-none-eabi/4.7.3/../../../../arm-none-eabi/lib/armv7e-m/fpu\librdimon.a(rdimon-syscalls.o)
 .rodata.__sf_fake_stdin
                0x08000764       0x20 c:/program files (x86)/emblocks/1.45/share/em_armgcc/bin/../lib/gcc/arm-none-eabi/4.7.3/../../../../arm-none-eabi/lib/armv7e-m/fpu\libc_n.a(lib_a-findfp.o)
                0x08000764                __sf_fake_stdin
 .rodata.__sf_fake_stdout
                0x08000784       0x20 c:/program files (x86)/emblocks/1.45/share/em_armgcc/bin/../lib/gcc/arm-none-eabi/4.7.3/../../../../arm-none-eabi/lib/armv7e-m/fpu\libc_n.a(lib_a-findfp.o)
                0x08000784                __sf_fake_stdout
 .rodata.__sf_fake_stderr
                0x080007a4       0x20 c:/program files (x86)/emblocks/1.45/share/em_armgcc/bin/../lib/gcc/arm-none-eabi/4.7.3/../../../../arm-none-eabi/lib/armv7e-m/fpu\libc_n.a(lib_a-findfp.o)
                0x080007a4                __sf_fake_stderr
 .rodata.str1.1
                0x080007c4        0x2 c:/program files (x86)/emblocks/1.45/share/em_armgcc/bin/../lib/gcc/arm-none-eabi/4.7.3/../../../../arm-none-eabi/lib/armv7e-m/fpu\libc_n.a(lib_a-impure.o)
 *fill*         0x080007c6        0x2 
 .rodata._global_impure_ptr
                0x080007c8        0x4 c:/program files (x86)/emblocks/1.45/share/em_armgcc/bin/../lib/gcc/arm-none-eabi/4.7.3/../../../../arm-none-eabi/lib/armv7e-m/fpu\libc_n.a(lib_a-impure.o)
                0x080007c8                _global_impure_ptr
 *(.eh_frame*)
 .eh_frame      0x080007cc        0x0 c:/program files (x86)/emblocks/1.45/share/em_armgcc/bin/../lib/gcc/arm-none-eabi/4.7.3/armv7e-m/fpu/crtbegin.o
 .eh_frame      0x080007cc        0x4 c:/program files (x86)/emblocks/1.45/share/em_armgcc/bin/../lib/gcc/arm-none-eabi/4.7.3/armv7e-m/fpu/crtend.o

.glue_7         0x080007d0        0x0
 .glue_7        0x00000000        0x0 linker stubs

.glue_7t        0x080007d0        0x0
 .glue_7t       0x00000000        0x0 linker stubs

.vfp11_veneer   0x080007d0        0x0
 .vfp11_veneer  0x00000000        0x0 linker stubs

.v4_bx          0x080007d0        0x0
 .v4_bx         0x00000000        0x0 linker stubs

.iplt           0x080007d0        0x0
 .iplt          0x00000000        0x0 c:/program files (x86)/emblocks/1.45/share/em_armgcc/bin/../lib/gcc/arm-none-eabi/4.7.3/armv7e-m/fpu/crtbegin.o

.ARM.extab
 *(.ARM.extab* .gnu.linkonce.armextab.*)
                0x080007d0                __exidx_start = .

.ARM.exidx      0x080007d0        0x8
 *(.ARM.exidx* .gnu.linkonce.armexidx.*)
 .ARM.exidx     0x080007d0        0x8 c:/program files (x86)/emblocks/1.45/share/em_armgcc/bin/../lib/gcc/arm-none-eabi/4.7.3/../../../../arm-none-eabi/lib/armv7e-m/fpu/rdimon-crt0.o
                0x080007d8                __exidx_end = .
                0x080007d8                __etext = .

.rel.dyn        0x080007d8        0x0
 .rel.iplt      0x00000000        0x0 c:/program files (x86)/emblocks/1.45/share/em_armgcc/bin/../lib/gcc/arm-none-eabi/4.7.3/armv7e-m/fpu/crtbegin.o

.data           0x20000000      0x17c load address 0x080007d8
                0x20000000                __data_start__ = .
 *(vtable)
 *(.data*)
 .data          0x20000000      0x110 c:/program files (x86)/emblocks/1.45/share/em_armgcc/bin/../lib/gcc/arm-none-eabi/4.7.3/../../../../arm-none-eabi/lib/armv7e-m/fpu/rdimon-crt0.o
                0x20000008                __stack_base__
 .data.impure_data
                0x20000110       0x64 c:/program files (x86)/emblocks/1.45/share/em_armgcc/bin/../lib/gcc/arm-none-eabi/4.7.3/../../../../arm-none-eabi/lib/armv7e-m/fpu\libc_n.a(lib_a-impure.o)
                0x20000174                . = ALIGN (0x4)
                0x20000174                PROVIDE (__preinit_array_start, .)
 *(.preinit_array)
                0x20000174                PROVIDE (__preinit_array_end, .)
                0x20000174                . = ALIGN (0x4)
                0x20000174                PROVIDE (__init_array_start, .)
 *(SORT(.init_array.*))
 *(.init_array)
 .init_array    0x20000174        0x4 c:/program files (x86)/emblocks/1.45/share/em_armgcc/bin/../lib/gcc/arm-none-eabi/4.7.3/armv7e-m/fpu/crtbegin.o
                0x20000178                PROVIDE (__init_array_end, .)
                0x20000178                . = ALIGN (0x4)
                0x20000178                PROVIDE (__fini_array_start, .)
 *(SORT(.fini_array.*))
 *(.fini_array)
 .fini_array    0x20000178        0x4 c:/program files (x86)/emblocks/1.45/share/em_armgcc/bin/../lib/gcc/arm-none-eabi/4.7.3/armv7e-m/fpu/crtbegin.o
                0x2000017c                PROVIDE (__fini_array_end, .)
                0x2000017c                . = ALIGN (0x4)
                0x2000017c                __data_end__ = .

.jcr            0x2000017c        0x0 load address 0x08000954
 .jcr           0x2000017c        0x0 c:/program files (x86)/emblocks/1.45/share/em_armgcc/bin/../lib/gcc/arm-none-eabi/4.7.3/armv7e-m/fpu/crtbegin.o

.igot.plt       0x2000017c        0x0 load address 0x08000954
 .igot.plt      0x00000000        0x0 c:/program files (x86)/emblocks/1.45/share/em_armgcc/bin/../lib/gcc/arm-none-eabi/4.7.3/armv7e-m/fpu/crtbegin.o

.bss            0x2000017c       0xc8 load address 0x08000954
                0x2000017c                __bss_start__ = .
 *(.bss*)
 .bss           0x2000017c       0x1c c:/program files (x86)/emblocks/1.45/share/em_armgcc/bin/../lib/gcc/arm-none-eabi/4.7.3/armv7e-m/fpu/crtbegin.o
 .bss.monitor_stdout
                0x20000198        0x4 c:/program files (x86)/emblocks/1.45/share/em_armgcc/bin/../lib/gcc/arm-none-eabi/4.7.3/../../../../arm-none-eabi/lib/armv7e-m/fpu\librdimon.a(rdimon-syscalls.o)
 .bss.monitor_stdin
                0x2000019c        0x4 c:/program files (x86)/emblocks/1.45/share/em_armgcc/bin/../lib/gcc/arm-none-eabi/4.7.3/../../../../arm-none-eabi/lib/armv7e-m/fpu\librdimon.a(rdimon-syscalls.o)
 .bss.monitor_stderr
                0x200001a0        0x4 c:/program files (x86)/emblocks/1.45/share/em_armgcc/bin/../lib/gcc/arm-none-eabi/4.7.3/../../../../arm-none-eabi/lib/armv7e-m/fpu\librdimon.a(rdimon-syscalls.o)
 .bss.openfiles
                0x200001a4       0xa0 c:/program files (x86)/emblocks/1.45/share/em_armgcc/bin/../lib/gcc/arm-none-eabi/4.7.3/../../../../arm-none-eabi/lib/armv7e-m/fpu\librdimon.a(rdimon-syscalls.o)
 *(COMMON)
                0x20000244                __bss_end__ = .

.heap           0x20000248        0x0
                0x20000248                __end__ = .
                0x20000248                end = __end__
 *(.heap*)
 .heap          0x20000248        0x0 obj\debug\startup_stm32f4xx.o
                0x20000248                __HeapLimit = .

.stack_dummy    0x20000248      0x100
 *(.stack)
 .stack         0x20000248      0x100 obj\debug\startup_stm32f4xx.o
                0x20010000                __StackTop = (ORIGIN (RAM) + 0x10000)
                0x2000ff00                __StackLimit = (__StackTop - SIZEOF (.stack_dummy))
                0x20010000                PROVIDE (__stack, __StackTop)
                0x00000001                ASSERT ((__StackLimit >= __HeapLimit), region RAM overflowed with stack)
LOAD obj\debug\misc.o
LOAD obj\debug\stm32f4xx_adc.o
LOAD obj\debug\stm32f4xx_can.o
LOAD obj\debug\stm32f4xx_crc.o
LOAD obj\debug\stm32f4xx_cryp.o
LOAD obj\debug\stm32f4xx_cryp_aes.o
LOAD obj\debug\stm32f4xx_cryp_des.o
LOAD obj\debug\stm32f4xx_cryp_tdes.o
LOAD obj\debug\stm32f4xx_dac.o
LOAD obj\debug\stm32f4xx_dbgmcu.o
LOAD obj\debug\stm32f4xx_dcmi.o
LOAD obj\debug\stm32f4xx_dma.o
LOAD obj\debug\stm32f4xx_exti.o
LOAD obj\debug\stm32f4xx_flash.o
LOAD obj\debug\stm32f4xx_fsmc.o
LOAD obj\debug\stm32f4xx_gpio.o
LOAD obj\debug\stm32f4xx_hash.o
LOAD obj\debug\stm32f4xx_hash_md5.o
LOAD obj\debug\stm32f4xx_hash_sha1.o
LOAD obj\debug\stm32f4xx_i2c.o
LOAD obj\debug\stm32f4xx_iwdg.o
LOAD obj\debug\stm32f4xx_pwr.o
LOAD obj\debug\stm32f4xx_rcc.o
LOAD obj\debug\stm32f4xx_rng.o
LOAD obj\debug\stm32f4xx_rtc.o
LOAD obj\debug\stm32f4xx_sdio.o
LOAD obj\debug\stm32f4xx_spi.o
LOAD obj\debug\stm32f4xx_syscfg.o
LOAD obj\debug\stm32f4xx_tim.o
LOAD obj\debug\stm32f4xx_usart.o
LOAD obj\debug\stm32f4xx_wwdg.o
LOAD obj\debug\main.o
LOAD obj\debug\startup_stm32f4xx.o
LOAD obj\debug\system_stm32f4xx.o
LOAD c:/program files (x86)/emblocks/1.45/share/em_armgcc/bin/../lib/gcc/arm-none-eabi/4.7.3/../../../../arm-none-eabi/lib/armv7e-m/fpu\librdimon.a
START GROUP
LOAD c:/program files (x86)/emblocks/1.45/share/em_armgcc/bin/../lib/gcc/arm-none-eabi/4.7.3/armv7e-m/fpu\libgcc.a
LOAD c:/program files (x86)/emblocks/1.45/share/em_armgcc/bin/../lib/gcc/arm-none-eabi/4.7.3/../../../../arm-none-eabi/lib/armv7e-m/fpu\libc_n.a
LOAD c:/program files (x86)/emblocks/1.45/share/em_armgcc/bin/../lib/gcc/arm-none-eabi/4.7.3/../../../../arm-none-eabi/lib/armv7e-m/fpu\libg_n.a
LOAD c:/program files (x86)/emblocks/1.45/share/em_armgcc/bin/../lib/gcc/arm-none-eabi/4.7.3/../../../../arm-none-eabi/lib/armv7e-m/fpu\libnosys.a
END GROUP
LOAD c:/program files (x86)/emblocks/1.45/share/em_armgcc/bin/../lib/gcc/arm-none-eabi/4.7.3/armv7e-m/fpu/crtend.o
LOAD c:/program files (x86)/emblocks/1.45/share/em_armgcc/bin/../lib/gcc/arm-none-eabi/4.7.3/armv7e-m/fpu/crtn.o
OUTPUT(bin\Debug\schn0rchli.elf elf32-littlearm)

.ARM.attributes
                0x00000000       0x30
 .ARM.attributes
                0x00000000       0x22 c:/program files (x86)/emblocks/1.45/share/em_armgcc/bin/../lib/gcc/arm-none-eabi/4.7.3/armv7e-m/fpu/crti.o
 .ARM.attributes
                0x00000022       0x34 c:/program files (x86)/emblocks/1.45/share/em_armgcc/bin/../lib/gcc/arm-none-eabi/4.7.3/armv7e-m/fpu/crtbegin.o
 .ARM.attributes
                0x00000056       0x20 c:/program files (x86)/emblocks/1.45/share/em_armgcc/bin/../lib/gcc/arm-none-eabi/4.7.3/../../../../arm-none-eabi/lib/armv7e-m/fpu/rdimon-crt0.o
 .ARM.attributes
                0x00000076       0x39 obj\debug\main.o
 .ARM.attributes
                0x000000af       0x1f obj\debug\startup_stm32f4xx.o
 .ARM.attributes
                0x000000ce       0x39 obj\debug\system_stm32f4xx.o
 .ARM.attributes
                0x00000107       0x34 c:/program files (x86)/emblocks/1.45/share/em_armgcc/bin/../lib/gcc/arm-none-eabi/4.7.3/../../../../arm-none-eabi/lib/armv7e-m/fpu\librdimon.a(rdimon-syscalls.o)
 .ARM.attributes
                0x0000013b       0x34 c:/program files (x86)/emblocks/1.45/share/em_armgcc/bin/../lib/gcc/arm-none-eabi/4.7.3/../../../../arm-none-eabi/lib/armv7e-m/fpu\libc_n.a(lib_a-__atexit2.o)
 .ARM.attributes
                0x0000016f       0x34 c:/program files (x86)/emblocks/1.45/share/em_armgcc/bin/../lib/gcc/arm-none-eabi/4.7.3/../../../../arm-none-eabi/lib/armv7e-m/fpu\libc_n.a(lib_a-exit.o)
 .ARM.attributes
                0x000001a3       0x34 c:/program files (x86)/emblocks/1.45/share/em_armgcc/bin/../lib/gcc/arm-none-eabi/4.7.3/../../../../arm-none-eabi/lib/armv7e-m/fpu\libc_n.a(lib_a-findfp.o)
 .ARM.attributes
                0x000001d7       0x34 c:/program files (x86)/emblocks/1.45/share/em_armgcc/bin/../lib/gcc/arm-none-eabi/4.7.3/../../../../arm-none-eabi/lib/armv7e-m/fpu\libc_n.a(lib_a-fini.o)
 .ARM.attributes
                0x0000020b       0x34 c:/program files (x86)/emblocks/1.45/share/em_armgcc/bin/../lib/gcc/arm-none-eabi/4.7.3/../../../../arm-none-eabi/lib/armv7e-m/fpu\libc_n.a(lib_a-impure.o)
 .ARM.attributes
                0x0000023f       0x34 c:/program files (x86)/emblocks/1.45/share/em_armgcc/bin/../lib/gcc/arm-none-eabi/4.7.3/../../../../arm-none-eabi/lib/armv7e-m/fpu\libc_n.a(lib_a-init.o)
 .ARM.attributes
                0x00000273       0x34 c:/program files (x86)/emblocks/1.45/share/em_armgcc/bin/../lib/gcc/arm-none-eabi/4.7.3/../../../../arm-none-eabi/lib/armv7e-m/fpu\libc_n.a(lib_a-memset.o)
 .ARM.attributes
                0x000002a7       0x34 c:/program files (x86)/emblocks/1.45/share/em_armgcc/bin/../lib/gcc/arm-none-eabi/4.7.3/../../../../arm-none-eabi/lib/armv7e-m/fpu\libnosys.a(_exit.o)
 .ARM.attributes
                0x000002db       0x34 c:/program files (x86)/emblocks/1.45/share/em_armgcc/bin/../lib/gcc/arm-none-eabi/4.7.3/armv7e-m/fpu/crtend.o
 .ARM.attributes
                0x0000030f       0x22 c:/program files (x86)/emblocks/1.45/share/em_armgcc/bin/../lib/gcc/arm-none-eabi/4.7.3/armv7e-m/fpu/crtn.o

.comment        0x00000000       0x4e
 .comment       0x00000000       0x4e obj\debug\main.o
                                 0x4f (size before relaxing)
 .comment       0x00000000       0x4f obj\debug\system_stm32f4xx.o

.debug_info     0x00000000      0x722
 .debug_info    0x00000000       0xb3 obj\debug\main.o
 .debug_info    0x000000b3       0x72 obj\debug\startup_stm32f4xx.o
 .debug_info    0x00000125      0x5fd obj\debug\system_stm32f4xx.o

.debug_abbrev   0x00000000      0x1bf
 .debug_abbrev  0x00000000       0x6e obj\debug\main.o
 .debug_abbrev  0x0000006e       0x14 obj\debug\startup_stm32f4xx.o
 .debug_abbrev  0x00000082      0x13d obj\debug\system_stm32f4xx.o

.debug_loc      0x00000000       0xc8
 .debug_loc     0x00000000       0x2c obj\debug\main.o
 .debug_loc     0x0000002c       0x9c obj\debug\system_stm32f4xx.o

.debug_aranges  0x00000000       0x70
 .debug_aranges
                0x00000000       0x20 obj\debug\main.o
 .debug_aranges
                0x00000020       0x20 obj\debug\startup_stm32f4xx.o
 .debug_aranges
                0x00000040       0x30 obj\debug\system_stm32f4xx.o

.debug_ranges   0x00000000       0x30
 .debug_ranges  0x00000000       0x10 obj\debug\main.o
 .debug_ranges  0x00000010       0x20 obj\debug\system_stm32f4xx.o

.debug_macro    0x00000000      0x22b
 .debug_macro   0x00000000       0xdd obj\debug\main.o
 .debug_macro   0x000000dd       0x7f obj\debug\main.o
 .debug_macro   0x0000015c       0xcf obj\debug\system_stm32f4xx.o

.debug_line     0x00000000      0x74f
 .debug_line    0x00000000      0x334 obj\debug\main.o
 .debug_line    0x00000334       0xbc obj\debug\startup_stm32f4xx.o
 .debug_line    0x000003f0      0x35f obj\debug\system_stm32f4xx.o

.debug_str      0x00000000    0x38d4f
 .debug_str     0x00000000    0x38aee obj\debug\main.o
                              0x38b9e (size before relaxing)
 .debug_str     0x00038aee      0x261 obj\debug\system_stm32f4xx.o
                              0x34647 (size before relaxing)

.debug_frame    0x00000000      0x5a0
 .debug_frame   0x00000000       0x28 obj\debug\main.o
 .debug_frame   0x00000028       0x64 obj\debug\system_stm32f4xx.o
 .debug_frame   0x0000008c      0x2fc c:/program files (x86)/emblocks/1.45/share/em_armgcc/bin/../lib/gcc/arm-none-eabi/4.7.3/../../../../arm-none-eabi/lib/armv7e-m/fpu\librdimon.a(rdimon-syscalls.o)
 .debug_frame   0x00000388       0x28 c:/program files (x86)/emblocks/1.45/share/em_armgcc/bin/../lib/gcc/arm-none-eabi/4.7.3/../../../../arm-none-eabi/lib/armv7e-m/fpu\libc_n.a(lib_a-__atexit2.o)
 .debug_frame   0x000003b0       0x28 c:/program files (x86)/emblocks/1.45/share/em_armgcc/bin/../lib/gcc/arm-none-eabi/4.7.3/../../../../arm-none-eabi/lib/armv7e-m/fpu\libc_n.a(lib_a-exit.o)
 .debug_frame   0x000003d8      0x130 c:/program files (x86)/emblocks/1.45/share/em_armgcc/bin/../lib/gcc/arm-none-eabi/4.7.3/../../../../arm-none-eabi/lib/armv7e-m/fpu\libc_n.a(lib_a-findfp.o)
 .debug_frame   0x00000508       0x2c c:/program files (x86)/emblocks/1.45/share/em_armgcc/bin/../lib/gcc/arm-none-eabi/4.7.3/../../../../arm-none-eabi/lib/armv7e-m/fpu\libc_n.a(lib_a-fini.o)
 .debug_frame   0x00000534       0x2c c:/program files (x86)/emblocks/1.45/share/em_armgcc/bin/../lib/gcc/arm-none-eabi/4.7.3/../../../../arm-none-eabi/lib/armv7e-m/fpu\libc_n.a(lib_a-init.o)
 .debug_frame   0x00000560       0x20 c:/program files (x86)/emblocks/1.45/share/em_armgcc/bin/../lib/gcc/arm-none-eabi/4.7.3/../../../../arm-none-eabi/lib/armv7e-m/fpu\libc_n.a(lib_a-memset.o)
 .debug_frame   0x00000580       0x20 c:/program files (x86)/emblocks/1.45/share/em_armgcc/bin/../lib/gcc/arm-none-eabi/4.7.3/../../../../arm-none-eabi/lib/armv7e-m/fpu\libnosys.a(_exit.o)
